MARKET OPEN;
ACCEPTED 0;
ACCEPTED 1;
AMENDED 0;
CANCELLED 1;
