MARKET OPEN;
ACCEPTED 0;
ACCEPTED 1;
MARKET SELL GPU 5 35;
MARKET BUY Router 4 22;
ACCEPTED 2;
FILL 2 4;
AMENDED 1;
FILL 1 5;
