MARKET OPEN;
ACCEPTED 0;
ACCEPTED 1;
MARKET BUY GPU 10 20;
MARKET BUY GPU 100 30;
MARKET SELL Router 5 20;
FILL 1 4;
MARKET BUY GPU 100 40;
FILL 0 5;
